10.200.202.194 - - [27/May/2013:16:23:53 +0400] "GET / HTTP/1.1" 500 540 "-" "Mozilla/5.0 (Windows NT 6.1; WOW64) AppleWebKit/537.31 (KHTML, like Gecko) Chrome/26.0.1410.64 Safari/537.31"
10.200.202.194 - - [27/May/2013:16:23:53 +0400] "GET /favicon.ico HTTP/1.1" 500 540 "-" "Mozilla/5.0 (Windows NT 6.1; WOW64) AppleWebKit/537.31 (KHTML, like Gecko) Chrome/26.0.1410.64 Safari/537.31"
66.249.75.145 - - [27/May/2013:19:24:02 +0400] "GET /robots.txt HTTP/1.1" 500 540 "-" "Mozilla/5.0 (compatible; Googlebot/2.1; +http://www.google.com/bot.html)"
66.249.75.145 - - [28/May/2013:01:25:27 +0400] "GET /robots.txt HTTP/1.1" 500 540 "-" "Mozilla/5.0 (compatible; Googlebot/2.1; +http://www.google.com/bot.html)"
66.249.75.145 - - [28/May/2013:02:22:12 +0400] "GET /robots.txt HTTP/1.1" 500 540 "-" "Mozilla/5.0 (compatible; Googlebot/2.1; +http://www.google.com/bot.html)"
66.249.75.145 - - [28/May/2013:04:11:11 +0400] "GET /robots.txt HTTP/1.1" 500 540 "-" "Mozilla/5.0 (compatible; Googlebot/2.1; +http://www.google.com/bot.html)"
66.249.75.145 - - [28/May/2013:09:56:57 +0400] "GET /robots.txt HTTP/1.1" 500 540 "-" "Mozilla/5.0 (compatible; Googlebot/2.1; +http://www.google.com/bot.html)"
66.249.75.145 - - [28/May/2013:10:05:56 +0400] "GET /robots.txt HTTP/1.1" 500 540 "-" "Mozilla/5.0 (compatible; Googlebot/2.1; +http://www.google.com/bot.html)"
10.200.202.46 - - [28/May/2013:11:13:33 +0400] "GET / HTTP/1.1" 500 540 "-" "Mozilla/5.0 (Windows NT 6.1) AppleWebKit/537.31 (KHTML, like Gecko) Chrome/26.0.1410.64 Safari/537.31"
10.200.202.46 - - [28/May/2013:11:13:34 +0400] "GET /favicon.ico HTTP/1.1" 500 540 "-" "Mozilla/5.0 (Windows NT 6.1) AppleWebKit/537.31 (KHTML, like Gecko) Chrome/26.0.1410.64 Safari/537.31"
10.200.202.46 - - [28/May/2013:11:13:35 +0400] "GET / HTTP/1.1" 500 540 "-" "Mozilla/5.0 (Windows NT 6.1) AppleWebKit/537.31 (KHTML, like Gecko) Chrome/26.0.1410.64 Safari/537.31"
10.200.202.46 - - [28/May/2013:11:13:35 +0400] "GET /favicon.ico HTTP/1.1" 500 540 "-" "Mozilla/5.0 (Windows NT 6.1) AppleWebKit/537.31 (KHTML, like Gecko) Chrome/26.0.1410.64 Safari/537.31"
10.200.202.46 - - [28/May/2013:11:13:37 +0400] "GET / HTTP/1.1" 500 540 "-" "Mozilla/5.0 (Windows NT 6.1) AppleWebKit/537.31 (KHTML, like Gecko) Chrome/26.0.1410.64 Safari/537.31"
10.200.202.46 - - [28/May/2013:11:13:37 +0400] "GET /favicon.ico HTTP/1.1" 500 540 "-" "Mozilla/5.0 (Windows NT 6.1) AppleWebKit/537.31 (KHTML, like Gecko) Chrome/26.0.1410.64 Safari/537.31"
10.200.202.46 - - [28/May/2013:11:13:38 +0400] "GET / HTTP/1.1" 500 540 "-" "Mozilla/5.0 (Windows NT 6.1) AppleWebKit/537.31 (KHTML, like Gecko) Chrome/26.0.1410.64 Safari/537.31"
10.200.202.46 - - [28/May/2013:11:13:38 +0400] "GET /favicon.ico HTTP/1.1" 500 540 "-" "Mozilla/5.0 (Windows NT 6.1) AppleWebKit/537.31 (KHTML, like Gecko) Chrome/26.0.1410.64 Safari/537.31"
10.200.202.46 - - [28/May/2013:12:28:45 +0400] "GET / HTTP/1.1" 500 540 "-" "Mozilla/5.0 (Windows NT 6.1) AppleWebKit/537.31 (KHTML, like Gecko) Chrome/26.0.1410.64 Safari/537.31"
10.200.202.46 - - [28/May/2013:12:28:45 +0400] "GET /favicon.ico HTTP/1.1" 500 540 "-" "Mozilla/5.0 (Windows NT 6.1) AppleWebKit/537.31 (KHTML, like Gecko) Chrome/26.0.1410.64 Safari/537.31"
10.200.202.46 - - [28/May/2013:12:28:46 +0400] "GET / HTTP/1.1" 500 540 "-" "Mozilla/5.0 (Windows NT 6.1) AppleWebKit/537.31 (KHTML, like Gecko) Chrome/26.0.1410.64 Safari/537.31"
10.200.202.46 - - [28/May/2013:12:28:46 +0400] "GET /favicon.ico HTTP/1.1" 500 540 "-" "Mozilla/5.0 (Windows NT 6.1) AppleWebKit/537.31 (KHTML, like Gecko) Chrome/26.0.1410.64 Safari/537.31"
66.249.75.145 - - [28/May/2013:16:03:15 +0400] "GET /robots.txt HTTP/1.1" 500 540 "-" "Mozilla/5.0 (compatible; Googlebot/2.1; +http://www.google.com/bot.html)"
66.249.75.145 - - [28/May/2013:16:24:27 +0400] "GET /robots.txt HTTP/1.1" 500 540 "-" "Mozilla/5.0 (compatible; Googlebot/2.1; +http://www.google.com/bot.html)"
66.249.75.145 - - [28/May/2013:22:10:33 +0400] "GET /robots.txt HTTP/1.1" 500 540 "-" "Mozilla/5.0 (compatible; Googlebot/2.1; +http://www.google.com/bot.html)"
66.249.78.179 - - [01/Jun/2013:04:52:51 +0400] "GET /robots.txt HTTP/1.1" 500 540 "-" "Mozilla/5.0 (compatible; Googlebot/2.1; +http://www.google.com/bot.html)"
66.249.75.145 - - [01/Jun/2013:11:05:47 +0400] "GET /robots.txt HTTP/1.1" 500 540 "-" "Mozilla/5.0 (compatible; Googlebot/2.1; +http://www.google.com/bot.html)"
66.249.78.179 - - [01/Jun/2013:14:09:04 +0400] "GET /robots.txt HTTP/1.1" 500 540 "-" "Mozilla/5.0 (compatible; Googlebot/2.1; +http://www.google.com/bot.html)"
66.249.78.179 - - [01/Jun/2013:22:41:52 +0400] "GET /robots.txt HTTP/1.1" 500 540 "-" "Mozilla/5.0 (compatible; Googlebot/2.1; +http://www.google.com/bot.html)"
95.108.240.251 - - [03/Jun/2013:20:40:56 +0400] "GET /robots.txt HTTP/1.1" 500 540 "-" "Mozilla/5.0 (compatible; YandexBot/3.0; +http://yandex.com/bots)"
95.108.240.251 - - [04/Jun/2013:00:06:23 +0400] "GET / HTTP/1.1" 500 540 "-" "Mozilla/5.0 (compatible; YandexBot/3.0; +http://yandex.com/bots)"
208.115.111.71 - - [05/Jun/2013:13:22:42 +0400] "GET /robots.txt HTTP/1.1" 500 540 "-" "Mozilla/5.0 (compatible; Ezooms/1.0; ezooms.bot@gmail.com)"
66.249.75.145 - - [06/Jun/2013:04:12:19 +0400] "GET /robots.txt HTTP/1.1" 500 540 "-" "Mozilla/5.0 (compatible; Googlebot/2.1; +http://www.google.com/bot.html)"
66.249.75.145 - - [06/Jun/2013:10:41:14 +0400] "GET /robots.txt HTTP/1.1" 500 540 "-" "Mozilla/5.0 (compatible; Googlebot/2.1; +http://www.google.com/bot.html)"
66.249.72.145 - - [06/Jun/2013:16:46:06 +0400] "GET /robots.txt HTTP/1.1" 500 540 "-" "Mozilla/5.0 (compatible; Googlebot/2.1; +http://www.google.com/bot.html)"
66.249.72.145 - - [06/Jun/2013:22:39:04 +0400] "GET /robots.txt HTTP/1.1" 500 540 "-" "Mozilla/5.0 (compatible; Googlebot/2.1; +http://www.google.com/bot.html)"
66.249.72.145 - - [06/Jun/2013:23:51:26 +0400] "GET /robots.txt HTTP/1.1" 500 540 "-" "Mozilla/5.0 (compatible; Googlebot/2.1; +http://www.google.com/bot.html)"
66.249.72.145 - - [07/Jun/2013:00:20:12 +0400] "GET /robots.txt HTTP/1.1" 500 540 "-" "Mozilla/5.0 (compatible; Googlebot/2.1; +http://www.google.com/bot.html)"
95.108.240.251 - - [07/Jun/2013:04:10:48 +0400] "GET /robots.txt HTTP/1.1" 500 540 "-" "Mozilla/5.0 (compatible; YandexBot/3.0; +http://yandex.com/bots)"
95.108.240.251 - - [07/Jun/2013:13:19:19 +0400] "GET / HTTP/1.1" 500 540 "-" "Mozilla/5.0 (compatible; YandexBot/3.0; +http://yandex.com/bots)"
72.14.199.145 - - [09/Jun/2013:15:52:59 +0400] "GET / HTTP/1.1" 500 540 "-" "Google-Test"
72.14.199.145 - - [09/Jun/2013:15:54:01 +0400] "GET / HTTP/1.1" 500 540 "-" "Google-Test"
95.108.240.251 - - [09/Jun/2013:18:15:59 +0400] "GET /robots.txt HTTP/1.1" 500 540 "-" "Mozilla/5.0 (compatible; YandexBot/3.0; +http://yandex.com/bots)"
95.108.240.251 - - [09/Jun/2013:22:52:14 +0400] "GET / HTTP/1.1" 500 540 "-" "Mozilla/5.0 (compatible; YandexBot/3.0; +http://yandex.com/bots)"
66.249.78.179 - - [10/Jun/2013:02:10:07 +0400] "GET /robots.txt HTTP/1.1" 500 540 "-" "Mozilla/5.0 (compatible; Googlebot/2.1; +http://www.google.com/bot.html)"
66.249.78.179 - - [10/Jun/2013:10:14:00 +0400] "GET /robots.txt HTTP/1.1" 500 540 "-" "Mozilla/5.0 (compatible; Googlebot/2.1; +http://www.google.com/bot.html)"
66.249.75.145 - - [10/Jun/2013:18:23:10 +0400] "GET /robots.txt HTTP/1.1" 500 540 "-" "Mozilla/5.0 (compatible; Googlebot/2.1; +http://www.google.com/bot.html)"
37.58.52.15 - - [11/Jun/2013:10:25:00 +0400] "GET /robots.txt HTTP/1.0" 500 540 "-" "Mozilla/5.0 (compatible; AcoonBot/4.11.1; +http://www.acoon.de/robot.asp)"
82.80.249.139 - - [12/Jun/2013:00:12:46 +0400] "GET / HTTP/1.0" 500 540 "http://www.pnhost.ru/list.php" "Mozilla/5.0 (X11; Ubuntu; Linux x86_64; rv:11.0) Gecko/20100101 Firefox/11.0"
37.58.52.15 - - [13/Jun/2013:13:19:50 +0400] "GET /robots.txt HTTP/1.0" 500 540 "-" "Mozilla/5.0 (compatible; AcoonBot/4.11.1; +http://www.acoon.de/robot.asp)"
37.58.52.15 - - [14/Jun/2013:14:49:04 +0400] "GET /robots.txt HTTP/1.0" 500 540 "-" "Mozilla/5.0 (compatible; AcoonBot/4.11.1; +http://www.acoon.de/robot.asp)"
66.249.75.145 - - [15/Jun/2013:01:23:53 +0400] "GET /robots.txt HTTP/1.1" 500 540 "-" "Mozilla/5.0 (compatible; Googlebot/2.1; +http://www.google.com/bot.html)"
95.108.240.251 - - [15/Jun/2013:02:21:42 +0400] "GET /robots.txt HTTP/1.1" 500 540 "-" "Mozilla/5.0 (compatible; YandexBot/3.0; +http://yandex.com/bots)"
95.108.240.251 - - [15/Jun/2013:08:30:57 +0400] "GET / HTTP/1.1" 500 540 "-" "Mozilla/5.0 (compatible; YandexBot/3.0; +http://yandex.com/bots)"
66.249.75.145 - - [15/Jun/2013:09:08:26 +0400] "GET /robots.txt HTTP/1.1" 500 540 "-" "Mozilla/5.0 (compatible; Googlebot/2.1; +http://www.google.com/bot.html)"
95.108.240.251 - - [15/Jun/2013:14:27:53 +0400] "GET /robots.txt HTTP/1.1" 500 540 "-" "Mozilla/5.0 (compatible; YandexBot/3.0; +http://yandex.com/bots)"
66.249.75.145 - - [15/Jun/2013:14:47:43 +0400] "GET /robots.txt HTTP/1.1" 500 540 "-" "Mozilla/5.0 (compatible; Googlebot/2.1; +http://www.google.com/bot.html)"
37.58.52.15 - - [15/Jun/2013:16:19:52 +0400] "GET /robots.txt HTTP/1.0" 500 540 "-" "Mozilla/5.0 (compatible; AcoonBot/4.11.1; +http://www.acoon.de/robot.asp)"
66.249.75.145 - - [15/Jun/2013:21:01:21 +0400] "GET /robots.txt HTTP/1.1" 500 540 "-" "Mozilla/5.0 (compatible; Googlebot/2.1; +http://www.google.com/bot.html)"
95.108.240.251 - - [15/Jun/2013:22:35:46 +0400] "GET / HTTP/1.1" 500 540 "-" "Mozilla/5.0 (compatible; YandexBot/3.0; +http://yandex.com/bots)"
10.105.4.218 - - [17/Jun/2013:18:13:50 +0400] "GET / HTTP/1.1" 500 540 "http://hosting.powernet.com.ru/list.php" "Mozilla/5.0 (Windows NT 6.2) AppleWebKit/537.4 (KHTML, like Gecko) Chrome/22.0.1106.241 YaBrowser/1.5.1106.241 Safari/537.4"
10.105.4.218 - - [17/Jun/2013:18:13:50 +0400] "GET /favicon.ico HTTP/1.1" 500 540 "-" "Mozilla/5.0 (Windows NT 6.2) AppleWebKit/537.4 (KHTML, like Gecko) Chrome/22.0.1106.241 YaBrowser/1.5.1106.241 Safari/537.4"
10.105.4.218 - - [17/Jun/2013:18:15:51 +0400] "GET /favicon.ico HTTP/1.1" 500 540 "-" "Mozilla/5.0 (Windows NT 6.2) AppleWebKit/537.4 (KHTML, like Gecko) Chrome/22.0.1106.241 YaBrowser/1.5.1106.241 Safari/537.4"
10.105.4.218 - - [17/Jun/2013:18:57:43 +0400] "GET /favicon.ico HTTP/1.1" 500 540 "-" "Mozilla/5.0 (Windows NT 6.2) AppleWebKit/537.4 (KHTML, like Gecko) Chrome/22.0.1106.241 YaBrowser/1.5.1106.241 Safari/537.4"
10.105.4.218 - - [17/Jun/2013:22:23:50 +0400] "GET /favicon.ico HTTP/1.1" 500 540 "-" "Mozilla/5.0 (Windows NT 6.2) AppleWebKit/537.4 (KHTML, like Gecko) Chrome/22.0.1106.241 YaBrowser/1.5.1106.241 Safari/537.4"
217.69.133.69 - - [18/Jun/2013:08:46:40 +0400] "GET / HTTP/1.0" 500 540 "-" "Mozilla/5.0 (compatible; Linux x86_64; Mail.RU_Bot/2.0; +http://go.mail.ru/help/robots)"
173.199.120.131 - - [18/Jun/2013:09:29:08 +0400] "GET /robots.txt HTTP/1.1" 500 540 "-" "Mozilla/5.0 (compatible; AhrefsBot/4.0; +http://ahrefs.com/robot/)"
10.105.4.218 - - [18/Jun/2013:20:00:32 +0400] "GET /favicon.ico HTTP/1.1" 500 540 "-" "Mozilla/5.0 (Windows NT 6.2) AppleWebKit/537.4 (KHTML, like Gecko) Chrome/22.0.1106.241 YaBrowser/1.5.1106.241 Safari/537.4"
66.249.75.145 - - [19/Jun/2013:02:28:18 +0400] "GET /robots.txt HTTP/1.1" 500 540 "-" "Mozilla/5.0 (compatible; Googlebot/2.1; +http://www.google.com/bot.html)"
217.69.133.69 - - [19/Jun/2013:09:28:07 +0400] "GET /sitemap.xml HTTP/1.0" 500 540 "-" "Mozilla/5.0 (compatible; Linux x86_64; Mail.RU_Bot/2.0; +http://go.mail.ru/help/robots)"
66.249.75.145 - - [19/Jun/2013:09:38:21 +0400] "GET /robots.txt HTTP/1.1" 500 540 "-" "Mozilla/5.0 (compatible; Googlebot/2.1; +http://www.google.com/bot.html)"
72.14.199.165 - - [19/Jun/2013:14:51:25 +0400] "GET / HTTP/1.1" 500 540 "-" "Google-Test"
72.14.199.165 - - [19/Jun/2013:15:17:20 +0400] "GET / HTTP/1.1" 500 540 "-" "Google-Test"
66.249.73.17 - - [19/Jun/2013:15:25:04 +0400] "GET /robots.txt HTTP/1.1" 500 540 "-" "Mozilla/5.0 (compatible; Googlebot/2.1; +http://www.google.com/bot.html)"
66.249.73.17 - - [19/Jun/2013:15:42:15 +0400] "GET /robots.txt HTTP/1.1" 500 540 "-" "Mozilla/5.0 (compatible; Googlebot/2.1; +http://www.google.com/bot.html)"
66.249.73.17 - - [19/Jun/2013:21:18:26 +0400] "GET /robots.txt HTTP/1.1" 500 540 "-" "Mozilla/5.0 (compatible; Googlebot/2.1; +http://www.google.com/bot.html)"
208.115.111.71 - - [20/Jun/2013:17:10:01 +0400] "GET /robots.txt HTTP/1.1" 500 540 "-" "Mozilla/5.0 (compatible; Ezooms/1.0; ezooms.bot@gmail.com)"
66.249.78.179 - - [24/Jun/2013:00:16:18 +0400] "GET /robots.txt HTTP/1.1" 500 540 "-" "Mozilla/5.0 (compatible; Googlebot/2.1; +http://www.google.com/bot.html)"
66.249.78.179 - - [24/Jun/2013:06:51:18 +0400] "GET /robots.txt HTTP/1.1" 500 540 "-" "Mozilla/5.0 (compatible; Googlebot/2.1; +http://www.google.com/bot.html)"
66.249.78.179 - - [24/Jun/2013:12:42:37 +0400] "GET /robots.txt HTTP/1.1" 500 540 "-" "Mozilla/5.0 (compatible; Googlebot/2.1; +http://www.google.com/bot.html)"
66.249.78.179 - - [24/Jun/2013:19:10:45 +0400] "GET /robots.txt HTTP/1.1" 500 540 "-" "Mozilla/5.0 (compatible; Googlebot/2.1; +http://www.google.com/bot.html)"
95.108.240.251 - - [24/Jun/2013:19:37:26 +0400] "GET /robots.txt HTTP/1.1" 500 540 "-" "Mozilla/5.0 (compatible; YandexBot/3.0; +http://yandex.com/bots)"
66.249.75.145 - - [24/Jun/2013:19:53:55 +0400] "GET /robots.txt HTTP/1.1" 500 540 "-" "Mozilla/5.0 (compatible; Googlebot/2.1; +http://www.google.com/bot.html)"
95.108.240.251 - - [25/Jun/2013:01:36:35 +0400] "GET / HTTP/1.1" 500 540 "-" "Mozilla/5.0 (compatible; YandexBot/3.0; +http://yandex.com/bots)"
66.249.78.179 - - [25/Jun/2013:03:32:56 +0400] "GET /robots.txt HTTP/1.1" 500 540 "-" "Mozilla/5.0 (compatible; Googlebot/2.1; +http://www.google.com/bot.html)"
66.249.78.179 - - [25/Jun/2013:09:33:19 +0400] "GET /robots.txt HTTP/1.1" 500 540 "-" "Mozilla/5.0 (compatible; Googlebot/2.1; +http://www.google.com/bot.html)"
66.249.78.179 - - [25/Jun/2013:16:03:18 +0400] "GET /robots.txt HTTP/1.1" 500 540 "-" "Mozilla/5.0 (compatible; Googlebot/2.1; +http://www.google.com/bot.html)"
66.249.72.145 - - [28/Jun/2013:02:46:20 +0400] "GET /robots.txt HTTP/1.1" 500 540 "-" "Mozilla/5.0 (compatible; Googlebot/2.1; +http://www.google.com/bot.html)"
66.249.72.145 - - [28/Jun/2013:10:01:59 +0400] "GET /robots.txt HTTP/1.1" 500 540 "-" "Mozilla/5.0 (compatible; Googlebot/2.1; +http://www.google.com/bot.html)"
66.249.72.145 - - [28/Jun/2013:15:52:59 +0400] "GET /robots.txt HTTP/1.1" 500 540 "-" "Mozilla/5.0 (compatible; Googlebot/2.1; +http://www.google.com/bot.html)"
66.249.72.145 - - [28/Jun/2013:21:48:21 +0400] "GET /robots.txt HTTP/1.1" 500 540 "-" "Mozilla/5.0 (compatible; Googlebot/2.1; +http://www.google.com/bot.html)"
95.108.240.251 - - [29/Jun/2013:15:06:06 +0400] "GET /robots.txt HTTP/1.1" 500 540 "-" "Mozilla/5.0 (compatible; YandexBot/3.0; +http://yandex.com/bots)"
95.108.240.251 - - [29/Jun/2013:15:34:00 +0400] "GET / HTTP/1.1" 500 540 "-" "Mozilla/5.0 (compatible; YandexBot/3.0; +http://yandex.com/bots)"
72.14.199.165 - - [29/Jun/2013:17:11:36 +0400] "GET / HTTP/1.1" 500 540 "-" "Google-Test"
72.14.199.165 - - [29/Jun/2013:17:12:37 +0400] "GET / HTTP/1.1" 500 540 "-" "Google-Test"
31.128.159.67 - - [01/Jul/2013:20:14:16 +0400] "GET / HTTP/1.0" 500 540 "-" "Mozilla/5.0 (Windows NT 6.1; WOW64) AppleWebKit/537.36 (KHTML, like Gecko) Chrome/27.0.1453.116 Safari/537.36"
31.128.159.67 - - [01/Jul/2013:20:14:17 +0400] "GET /favicon.ico HTTP/1.0" 500 540 "-" "Mozilla/5.0 (Windows NT 6.1; WOW64) AppleWebKit/537.36 (KHTML, like Gecko) Chrome/27.0.1453.116 Safari/537.36"
31.128.159.67 - - [01/Jul/2013:20:14:32 +0400] "GET / HTTP/1.0" 500 540 "-" "Mozilla/5.0 (Windows NT 6.1; WOW64) AppleWebKit/537.36 (KHTML, like Gecko) Chrome/27.0.1453.116 Safari/537.36"
31.128.159.67 - - [01/Jul/2013:20:14:32 +0400] "GET /favicon.ico HTTP/1.0" 500 540 "-" "Mozilla/5.0 (Windows NT 6.1; WOW64) AppleWebKit/537.36 (KHTML, like Gecko) Chrome/27.0.1453.116 Safari/537.36"
31.128.159.67 - - [01/Jul/2013:20:16:15 +0400] "GET / HTTP/1.0" 500 540 "-" "Mozilla/5.0 (Windows NT 6.1; WOW64) AppleWebKit/537.36 (KHTML, like Gecko) Chrome/27.0.1453.116 Safari/537.36"
31.128.159.67 - - [01/Jul/2013:20:16:15 +0400] "GET /favicon.ico HTTP/1.0" 500 540 "-" "Mozilla/5.0 (Windows NT 6.1; WOW64) AppleWebKit/537.36 (KHTML, like Gecko) Chrome/27.0.1453.116 Safari/537.36"
31.128.159.67 - - [01/Jul/2013:20:18:26 +0400] "GET / HTTP/1.0" 200 163 "-" "Mozilla/5.0 (Windows NT 6.1; WOW64) AppleWebKit/537.36 (KHTML, like Gecko) Chrome/27.0.1453.116 Safari/537.36"
31.128.159.67 - - [01/Jul/2013:20:18:26 +0400] "GET /favicon.ico HTTP/1.0" 404 209 "-" "Mozilla/5.0 (Windows NT 6.1; WOW64) AppleWebKit/537.36 (KHTML, like Gecko) Chrome/27.0.1453.116 Safari/537.36"
31.128.159.67 - - [01/Jul/2013:20:19:04 +0400] "GET / HTTP/1.0" 200 8905 "-" "Mozilla/5.0 (Windows NT 6.1; WOW64) AppleWebKit/537.36 (KHTML, like Gecko) Chrome/27.0.1453.116 Safari/537.36"
31.128.159.67 - - [01/Jul/2013:20:19:04 +0400] "GET /_images/_mainhot/2.jpg HTTP/1.0" 200 32974 "http://vsport.pnhost.ru/" "Mozilla/5.0 (Windows NT 6.1; WOW64) AppleWebKit/537.36 (KHTML, like Gecko) Chrome/27.0.1453.116 Safari/537.36"
31.128.159.67 - - [01/Jul/2013:20:19:04 +0400] "GET /_images/_mainhot/1.jpg HTTP/1.0" 200 63420 "http://vsport.pnhost.ru/" "Mozilla/5.0 (Windows NT 6.1; WOW64) AppleWebKit/537.36 (KHTML, like Gecko) Chrome/27.0.1453.116 Safari/537.36"
31.128.159.67 - - [01/Jul/2013:20:19:04 +0400] "GET /_images/_mainhot/3.jpg HTTP/1.0" 200 75761 "http://vsport.pnhost.ru/" "Mozilla/5.0 (Windows NT 6.1; WOW64) AppleWebKit/537.36 (KHTML, like Gecko) Chrome/27.0.1453.116 Safari/537.36"
31.128.159.67 - - [01/Jul/2013:20:19:05 +0400] "GET /favicon.ico HTTP/1.0" 404 209 "-" "Mozilla/5.0 (Windows NT 6.1; WOW64) AppleWebKit/537.36 (KHTML, like Gecko) Chrome/27.0.1453.116 Safari/537.36"
31.128.159.67 - - [01/Jul/2013:20:29:30 +0400] "GET / HTTP/1.0" 200 14 "-" "Mozilla/5.0 (Windows NT 6.1; WOW64) AppleWebKit/537.36 (KHTML, like Gecko) Chrome/27.0.1453.116 Safari/537.36"
31.128.159.67 - - [01/Jul/2013:20:29:30 +0400] "GET /favicon.ico HTTP/1.0" 404 209 "-" "Mozilla/5.0 (Windows NT 6.1; WOW64) AppleWebKit/537.36 (KHTML, like Gecko) Chrome/27.0.1453.116 Safari/537.36"
95.108.240.251 - - [02/Jul/2013:19:59:12 +0400] "GET /robots.txt HTTP/1.1" 404 208 "-" "Mozilla/5.0 (compatible; YandexBot/3.0; +http://yandex.com/bots)"
95.108.240.251 - - [02/Jul/2013:22:31:26 +0400] "GET / HTTP/1.1" 200 14 "-" "Mozilla/5.0 (compatible; YandexBot/3.0; +http://yandex.com/bots)"
66.249.78.179 - - [02/Jul/2013:23:38:35 +0400] "GET /robots.txt HTTP/1.1" 404 208 "-" "Mozilla/5.0 (compatible; Googlebot/2.1; +http://www.google.com/bot.html)"
66.249.75.145 - - [02/Jul/2013:23:38:35 +0400] "GET / HTTP/1.1" 200 14 "-" "DoCoMo/2.0 N905i(c100;TB;W24H16) (compatible; Googlebot-Mobile/2.1; +http://www.google.com/bot.html)"
217.69.133.69 - - [03/Jul/2013:20:48:47 +0400] "GET /robots.txt HTTP/1.0" 404 208 "-" "Mozilla/5.0 (compatible; Linux x86_64; Mail.RU_Bot/2.0; +http://go.mail.ru/help/robots)"
95.108.240.251 - - [04/Jul/2013:13:37:04 +0400] "GET /robots.txt HTTP/1.1" 404 208 "-" "Mozilla/5.0 (compatible; YandexBot/3.0; +http://yandex.com/bots)"
217.69.133.69 - - [04/Jul/2013:18:22:44 +0400] "GET /robots.txt HTTP/1.0" 404 208 "-" "Mozilla/5.0 (compatible; Linux x86_64; Mail.RU_Bot/2.0; +http://go.mail.ru/help/robots)"
95.108.240.251 - - [04/Jul/2013:20:23:20 +0400] "GET / HTTP/1.1" 200 14 "-" "Mozilla/5.0 (compatible; YandexBot/3.0; +http://yandex.com/bots)"
208.115.111.71 - - [05/Jul/2013:21:19:50 +0400] "GET /robots.txt HTTP/1.1" 404 208 "-" "Mozilla/5.0 (compatible; Ezooms/1.0; ezooms.bot@gmail.com)"
208.115.111.71 - - [05/Jul/2013:21:31:45 +0400] "GET / HTTP/1.1" 200 14 "-" "Mozilla/5.0 (compatible; Ezooms/1.0; ezooms.bot@gmail.com)"
66.249.78.179 - - [05/Jul/2013:23:32:03 +0400] "GET /robots.txt HTTP/1.1" 404 208 "-" "Mozilla/5.0 (compatible; Googlebot/2.1; +http://www.google.com/bot.html)"
66.249.78.179 - - [05/Jul/2013:23:32:03 +0400] "GET / HTTP/1.1" 200 14 "-" "SAMSUNG-SGH-E250/1.0 Profile/MIDP-2.0 Configuration/CLDC-1.1 UP.Browser/6.2.3.3.c.1.101 (GUI) MMP/2.0 (compatible; Googlebot-Mobile/2.1; +http://www.google.com/bot.html)"
66.249.78.179 - - [06/Jul/2013:02:26:20 +0400] "GET /robots.txt HTTP/1.1" 404 208 "-" "Mozilla/5.0 (compatible; Googlebot/2.1; +http://www.google.com/bot.html)"
66.249.78.179 - - [06/Jul/2013:02:26:20 +0400] "GET / HTTP/1.1" 200 14 "-" "Mozilla/5.0 (compatible; Googlebot/2.1; +http://www.google.com/bot.html)"
31.128.159.67 - - [09/Jul/2013:17:48:16 +0400] "GET / HTTP/1.0" 200 14 "-" "Mozilla/5.0 (Windows NT 6.1; WOW64) AppleWebKit/537.36 (KHTML, like Gecko) Chrome/27.0.1453.116 Safari/537.36"
31.128.159.67 - - [09/Jul/2013:17:48:16 +0400] "GET /favicon.ico HTTP/1.0" 404 209 "-" "Mozilla/5.0 (Windows NT 6.1; WOW64) AppleWebKit/537.36 (KHTML, like Gecko) Chrome/27.0.1453.116 Safari/537.36"
31.128.159.67 - - [09/Jul/2013:17:49:05 +0400] "GET / HTTP/1.0" 200 8910 "-" "Mozilla/5.0 (Windows NT 6.1; WOW64) AppleWebKit/537.36 (KHTML, like Gecko) Chrome/27.0.1453.116 Safari/537.36"
31.128.159.67 - - [09/Jul/2013:17:49:05 +0400] "GET /_images/_mainhot/2.jpg HTTP/1.0" 200 32974 "http://vsport.pnhost.ru/" "Mozilla/5.0 (Windows NT 6.1; WOW64) AppleWebKit/537.36 (KHTML, like Gecko) Chrome/27.0.1453.116 Safari/537.36"
31.128.159.67 - - [09/Jul/2013:17:49:05 +0400] "GET /_images/_mainhot/1.jpg HTTP/1.0" 200 63420 "http://vsport.pnhost.ru/" "Mozilla/5.0 (Windows NT 6.1; WOW64) AppleWebKit/537.36 (KHTML, like Gecko) Chrome/27.0.1453.116 Safari/537.36"
31.128.159.67 - - [09/Jul/2013:17:49:05 +0400] "GET /_images/_mainhot/3.jpg HTTP/1.0" 200 75761 "http://vsport.pnhost.ru/" "Mozilla/5.0 (Windows NT 6.1; WOW64) AppleWebKit/537.36 (KHTML, like Gecko) Chrome/27.0.1453.116 Safari/537.36"
31.128.159.67 - - [09/Jul/2013:17:49:05 +0400] "GET /favicon.ico HTTP/1.0" 404 209 "-" "Mozilla/5.0 (Windows NT 6.1; WOW64) AppleWebKit/537.36 (KHTML, like Gecko) Chrome/27.0.1453.116 Safari/537.36"
31.128.159.67 - - [09/Jul/2013:17:50:16 +0400] "GET / HTTP/1.0" 200 14 "-" "Mozilla/5.0 (Windows NT 6.1; WOW64) AppleWebKit/537.36 (KHTML, like Gecko) Chrome/27.0.1453.116 Safari/537.36"
31.128.159.67 - - [09/Jul/2013:17:50:16 +0400] "GET /favicon.ico HTTP/1.0" 404 209 "-" "Mozilla/5.0 (Windows NT 6.1; WOW64) AppleWebKit/537.36 (KHTML, like Gecko) Chrome/27.0.1453.116 Safari/537.36"
31.128.159.67 - - [09/Jul/2013:17:52:00 +0400] "GET / HTTP/1.0" 200 8910 "-" "Mozilla/5.0 (Windows NT 6.1; WOW64) AppleWebKit/537.36 (KHTML, like Gecko) Chrome/27.0.1453.116 Safari/537.36"
31.128.159.67 - - [09/Jul/2013:17:52:00 +0400] "GET /_images/_mainhot/1.jpg HTTP/1.0" 304 - "http://vsport.pnhost.ru/" "Mozilla/5.0 (Windows NT 6.1; WOW64) AppleWebKit/537.36 (KHTML, like Gecko) Chrome/27.0.1453.116 Safari/537.36"
31.128.159.67 - - [09/Jul/2013:17:52:00 +0400] "GET /_images/_mainhot/2.jpg HTTP/1.0" 304 - "http://vsport.pnhost.ru/" "Mozilla/5.0 (Windows NT 6.1; WOW64) AppleWebKit/537.36 (KHTML, like Gecko) Chrome/27.0.1453.116 Safari/537.36"
31.128.159.67 - - [09/Jul/2013:17:52:00 +0400] "GET /_images/_mainhot/3.jpg HTTP/1.0" 304 - "http://vsport.pnhost.ru/" "Mozilla/5.0 (Windows NT 6.1; WOW64) AppleWebKit/537.36 (KHTML, like Gecko) Chrome/27.0.1453.116 Safari/537.36"
31.128.159.67 - - [09/Jul/2013:17:52:00 +0400] "GET /favicon.ico HTTP/1.0" 404 209 "-" "Mozilla/5.0 (Windows NT 6.1; WOW64) AppleWebKit/537.36 (KHTML, like Gecko) Chrome/27.0.1453.116 Safari/537.36"
31.128.159.67 - - [09/Jul/2013:17:56:03 +0400] "GET / HTTP/1.0" 200 14 "-" "Mozilla/5.0 (Windows NT 6.1; WOW64) AppleWebKit/537.36 (KHTML, like Gecko) Chrome/27.0.1453.116 Safari/537.36"
31.128.159.67 - - [09/Jul/2013:17:56:03 +0400] "GET /favicon.ico HTTP/1.0" 404 209 "-" "Mozilla/5.0 (Windows NT 6.1; WOW64) AppleWebKit/537.36 (KHTML, like Gecko) Chrome/27.0.1453.116 Safari/537.36"
95.108.240.251 - - [11/Jul/2013:00:26:43 +0400] "GET /robots.txt HTTP/1.1" 404 208 "-" "Mozilla/5.0 (compatible; YandexBot/3.0; +http://yandex.com/bots)"
31.128.159.67 - - [11/Jul/2013:01:12:56 +0400] "GET / HTTP/1.0" 200 14 "-" "Mozilla/5.0 (Windows NT 6.1; WOW64) AppleWebKit/537.36 (KHTML, like Gecko) Chrome/27.0.1453.116 Safari/537.36"
31.128.159.67 - - [11/Jul/2013:01:12:56 +0400] "GET /favicon.ico HTTP/1.0" 404 209 "-" "Mozilla/5.0 (Windows NT 6.1; WOW64) AppleWebKit/537.36 (KHTML, like Gecko) Chrome/27.0.1453.116 Safari/537.36"
31.128.159.67 - - [11/Jul/2013:01:12:56 +0400] "GET / HTTP/1.0" 200 14 "-" "Mozilla/5.0 (Windows NT 6.1; WOW64) AppleWebKit/537.36 (KHTML, like Gecko) Chrome/27.0.1453.116 Safari/537.36"
31.128.159.67 - - [11/Jul/2013:01:12:56 +0400] "GET /favicon.ico HTTP/1.0" 404 209 "-" "Mozilla/5.0 (Windows NT 6.1; WOW64) AppleWebKit/537.36 (KHTML, like Gecko) Chrome/27.0.1453.116 Safari/537.36"
31.128.159.67 - - [11/Jul/2013:01:12:57 +0400] "GET / HTTP/1.0" 200 14 "-" "Mozilla/5.0 (Windows NT 6.1; WOW64) AppleWebKit/537.36 (KHTML, like Gecko) Chrome/27.0.1453.116 Safari/537.36"
31.128.159.67 - - [11/Jul/2013:01:12:57 +0400] "GET /favicon.ico HTTP/1.0" 404 209 "-" "Mozilla/5.0 (Windows NT 6.1; WOW64) AppleWebKit/537.36 (KHTML, like Gecko) Chrome/27.0.1453.116 Safari/537.36"
31.128.159.67 - - [11/Jul/2013:01:12:57 +0400] "GET / HTTP/1.0" 200 14 "-" "Mozilla/5.0 (Windows NT 6.1; WOW64) AppleWebKit/537.36 (KHTML, like Gecko) Chrome/27.0.1453.116 Safari/537.36"
31.128.159.67 - - [11/Jul/2013:01:12:57 +0400] "GET /favicon.ico HTTP/1.0" 404 209 "-" "Mozilla/5.0 (Windows NT 6.1; WOW64) AppleWebKit/537.36 (KHTML, like Gecko) Chrome/27.0.1453.116 Safari/537.36"
31.128.159.67 - - [11/Jul/2013:01:12:57 +0400] "GET / HTTP/1.0" 200 14 "-" "Mozilla/5.0 (Windows NT 6.1; WOW64) AppleWebKit/537.36 (KHTML, like Gecko) Chrome/27.0.1453.116 Safari/537.36"
31.128.159.67 - - [11/Jul/2013:01:12:57 +0400] "GET /favicon.ico HTTP/1.0" 404 209 "-" "Mozilla/5.0 (Windows NT 6.1; WOW64) AppleWebKit/537.36 (KHTML, like Gecko) Chrome/27.0.1453.116 Safari/537.36"
31.128.159.67 - - [11/Jul/2013:01:12:57 +0400] "GET / HTTP/1.0" 200 14 "-" "Mozilla/5.0 (Windows NT 6.1; WOW64) AppleWebKit/537.36 (KHTML, like Gecko) Chrome/27.0.1453.116 Safari/537.36"
31.128.159.67 - - [11/Jul/2013:01:12:57 +0400] "GET /favicon.ico HTTP/1.0" 404 209 "-" "Mozilla/5.0 (Windows NT 6.1; WOW64) AppleWebKit/537.36 (KHTML, like Gecko) Chrome/27.0.1453.116 Safari/537.36"
31.128.159.67 - - [11/Jul/2013:02:55:22 +0400] "GET / HTTP/1.0" 200 14 "-" "Mozilla/5.0 (Windows NT 6.1; WOW64) AppleWebKit/537.36 (KHTML, like Gecko) Chrome/27.0.1453.116 Safari/537.36"
31.128.159.67 - - [11/Jul/2013:02:55:22 +0400] "GET /favicon.ico HTTP/1.0" 404 209 "-" "Mozilla/5.0 (Windows NT 6.1; WOW64) AppleWebKit/537.36 (KHTML, like Gecko) Chrome/27.0.1453.116 Safari/537.36"
31.128.159.67 - - [11/Jul/2013:02:55:22 +0400] "GET / HTTP/1.0" 200 14 "-" "Mozilla/5.0 (Windows NT 6.1; WOW64) AppleWebKit/537.36 (KHTML, like Gecko) Chrome/27.0.1453.116 Safari/537.36"
31.128.159.67 - - [11/Jul/2013:02:55:22 +0400] "GET /favicon.ico HTTP/1.0" 404 209 "-" "Mozilla/5.0 (Windows NT 6.1; WOW64) AppleWebKit/537.36 (KHTML, like Gecko) Chrome/27.0.1453.116 Safari/537.36"
31.128.159.67 - - [11/Jul/2013:02:55:23 +0400] "GET / HTTP/1.0" 200 14 "-" "Mozilla/5.0 (Windows NT 6.1; WOW64) AppleWebKit/537.36 (KHTML, like Gecko) Chrome/27.0.1453.116 Safari/537.36"
31.128.159.67 - - [11/Jul/2013:02:55:23 +0400] "GET /favicon.ico HTTP/1.0" 404 209 "-" "Mozilla/5.0 (Windows NT 6.1; WOW64) AppleWebKit/537.36 (KHTML, like Gecko) Chrome/27.0.1453.116 Safari/537.36"
31.128.159.67 - - [11/Jul/2013:02:55:23 +0400] "GET / HTTP/1.0" 200 14 "-" "Mozilla/5.0 (Windows NT 6.1; WOW64) AppleWebKit/537.36 (KHTML, like Gecko) Chrome/27.0.1453.116 Safari/537.36"
31.128.159.67 - - [11/Jul/2013:02:55:23 +0400] "GET /favicon.ico HTTP/1.0" 404 209 "-" "Mozilla/5.0 (Windows NT 6.1; WOW64) AppleWebKit/537.36 (KHTML, like Gecko) Chrome/27.0.1453.116 Safari/537.36"
31.128.159.67 - - [11/Jul/2013:02:55:23 +0400] "GET / HTTP/1.0" 200 14 "-" "Mozilla/5.0 (Windows NT 6.1; WOW64) AppleWebKit/537.36 (KHTML, like Gecko) Chrome/27.0.1453.116 Safari/537.36"
31.128.159.67 - - [11/Jul/2013:02:55:23 +0400] "GET /favicon.ico HTTP/1.0" 404 209 "-" "Mozilla/5.0 (Windows NT 6.1; WOW64) AppleWebKit/537.36 (KHTML, like Gecko) Chrome/27.0.1453.116 Safari/537.36"
31.128.159.67 - - [11/Jul/2013:02:55:23 +0400] "GET / HTTP/1.0" 200 14 "-" "Mozilla/5.0 (Windows NT 6.1; WOW64) AppleWebKit/537.36 (KHTML, like Gecko) Chrome/27.0.1453.116 Safari/537.36"
31.128.159.67 - - [11/Jul/2013:02:55:23 +0400] "GET /favicon.ico HTTP/1.0" 404 209 "-" "Mozilla/5.0 (Windows NT 6.1; WOW64) AppleWebKit/537.36 (KHTML, like Gecko) Chrome/27.0.1453.116 Safari/537.36"
31.128.159.67 - - [11/Jul/2013:02:55:24 +0400] "GET / HTTP/1.0" 200 14 "-" "Mozilla/5.0 (Windows NT 6.1; WOW64) AppleWebKit/537.36 (KHTML, like Gecko) Chrome/27.0.1453.116 Safari/537.36"
31.128.159.67 - - [11/Jul/2013:02:55:24 +0400] "GET /favicon.ico HTTP/1.0" 404 209 "-" "Mozilla/5.0 (Windows NT 6.1; WOW64) AppleWebKit/537.36 (KHTML, like Gecko) Chrome/27.0.1453.116 Safari/537.36"
31.128.159.67 - - [11/Jul/2013:02:56:58 +0400] "GET / HTTP/1.0" 200 14 "-" "Mozilla/5.0 (Windows NT 6.1; WOW64) AppleWebKit/537.36 (KHTML, like Gecko) Chrome/27.0.1453.116 Safari/537.36"
31.128.159.67 - - [11/Jul/2013:02:56:58 +0400] "GET /favicon.ico HTTP/1.0" 404 209 "-" "Mozilla/5.0 (Windows NT 6.1; WOW64) AppleWebKit/537.36 (KHTML, like Gecko) Chrome/27.0.1453.116 Safari/537.36"
31.128.159.67 - - [11/Jul/2013:02:56:58 +0400] "GET / HTTP/1.0" 200 14 "-" "Mozilla/5.0 (Windows NT 6.1; WOW64) AppleWebKit/537.36 (KHTML, like Gecko) Chrome/27.0.1453.116 Safari/537.36"
31.128.159.67 - - [11/Jul/2013:02:56:59 +0400] "GET /favicon.ico HTTP/1.0" 404 209 "-" "Mozilla/5.0 (Windows NT 6.1; WOW64) AppleWebKit/537.36 (KHTML, like Gecko) Chrome/27.0.1453.116 Safari/537.36"
31.128.159.67 - - [11/Jul/2013:02:56:59 +0400] "GET / HTTP/1.0" 200 14 "-" "Mozilla/5.0 (Windows NT 6.1; WOW64) AppleWebKit/537.36 (KHTML, like Gecko) Chrome/27.0.1453.116 Safari/537.36"
31.128.159.67 - - [11/Jul/2013:02:56:59 +0400] "GET /favicon.ico HTTP/1.0" 404 209 "-" "Mozilla/5.0 (Windows NT 6.1; WOW64) AppleWebKit/537.36 (KHTML, like Gecko) Chrome/27.0.1453.116 Safari/537.36"
31.128.159.67 - - [11/Jul/2013:02:56:59 +0400] "GET / HTTP/1.0" 200 14 "-" "Mozilla/5.0 (Windows NT 6.1; WOW64) AppleWebKit/537.36 (KHTML, like Gecko) Chrome/27.0.1453.116 Safari/537.36"
31.128.159.67 - - [11/Jul/2013:02:56:59 +0400] "GET /favicon.ico HTTP/1.0" 404 209 "-" "Mozilla/5.0 (Windows NT 6.1; WOW64) AppleWebKit/537.36 (KHTML, like Gecko) Chrome/27.0.1453.116 Safari/537.36"
31.128.159.67 - - [11/Jul/2013:02:57:00 +0400] "GET / HTTP/1.0" 200 14 "-" "Mozilla/5.0 (Windows NT 6.1; WOW64) AppleWebKit/537.36 (KHTML, like Gecko) Chrome/27.0.1453.116 Safari/537.36"
31.128.159.67 - - [11/Jul/2013:02:57:00 +0400] "GET /favicon.ico HTTP/1.0" 404 209 "-" "Mozilla/5.0 (Windows NT 6.1; WOW64) AppleWebKit/537.36 (KHTML, like Gecko) Chrome/27.0.1453.116 Safari/537.36"
31.128.159.67 - - [11/Jul/2013:02:57:01 +0400] "GET / HTTP/1.0" 200 14 "-" "Mozilla/5.0 (Windows NT 6.1; WOW64) AppleWebKit/537.36 (KHTML, like Gecko) Chrome/27.0.1453.116 Safari/537.36"
31.128.159.67 - - [11/Jul/2013:02:57:01 +0400] "GET /favicon.ico HTTP/1.0" 404 209 "-" "Mozilla/5.0 (Windows NT 6.1; WOW64) AppleWebKit/537.36 (KHTML, like Gecko) Chrome/27.0.1453.116 Safari/537.36"
31.128.159.67 - - [11/Jul/2013:02:57:06 +0400] "GET / HTTP/1.0" 200 14 "-" "Mozilla/5.0 (Windows NT 6.1; WOW64) AppleWebKit/537.36 (KHTML, like Gecko) Chrome/27.0.1453.116 Safari/537.36"
31.128.159.67 - - [11/Jul/2013:02:57:06 +0400] "GET /favicon.ico HTTP/1.0" 404 209 "-" "Mozilla/5.0 (Windows NT 6.1; WOW64) AppleWebKit/537.36 (KHTML, like Gecko) Chrome/27.0.1453.116 Safari/537.36"
31.128.159.67 - - [11/Jul/2013:02:57:06 +0400] "GET / HTTP/1.0" 200 14 "-" "Mozilla/5.0 (Windows NT 6.1; WOW64) AppleWebKit/537.36 (KHTML, like Gecko) Chrome/27.0.1453.116 Safari/537.36"
31.128.159.67 - - [11/Jul/2013:02:57:06 +0400] "GET /favicon.ico HTTP/1.0" 404 209 "-" "Mozilla/5.0 (Windows NT 6.1; WOW64) AppleWebKit/537.36 (KHTML, like Gecko) Chrome/27.0.1453.116 Safari/537.36"
31.128.159.67 - - [11/Jul/2013:02:57:07 +0400] "GET / HTTP/1.0" 200 14 "-" "Mozilla/5.0 (Windows NT 6.1; WOW64) AppleWebKit/537.36 (KHTML, like Gecko) Chrome/27.0.1453.116 Safari/537.36"
31.128.159.67 - - [11/Jul/2013:02:57:07 +0400] "GET /favicon.ico HTTP/1.0" 404 209 "-" "Mozilla/5.0 (Windows NT 6.1; WOW64) AppleWebKit/537.36 (KHTML, like Gecko) Chrome/27.0.1453.116 Safari/537.36"
31.128.159.67 - - [11/Jul/2013:02:57:07 +0400] "GET / HTTP/1.0" 200 14 "-" "Mozilla/5.0 (Windows NT 6.1; WOW64) AppleWebKit/537.36 (KHTML, like Gecko) Chrome/27.0.1453.116 Safari/537.36"
31.128.159.67 - - [11/Jul/2013:02:57:07 +0400] "GET /favicon.ico HTTP/1.0" 404 209 "-" "Mozilla/5.0 (Windows NT 6.1; WOW64) AppleWebKit/537.36 (KHTML, like Gecko) Chrome/27.0.1453.116 Safari/537.36"
31.128.159.67 - - [11/Jul/2013:02:57:07 +0400] "GET / HTTP/1.0" 200 14 "-" "Mozilla/5.0 (Windows NT 6.1; WOW64) AppleWebKit/537.36 (KHTML, like Gecko) Chrome/27.0.1453.116 Safari/537.36"
31.128.159.67 - - [11/Jul/2013:02:57:07 +0400] "GET /favicon.ico HTTP/1.0" 404 209 "-" "Mozilla/5.0 (Windows NT 6.1; WOW64) AppleWebKit/537.36 (KHTML, like Gecko) Chrome/27.0.1453.116 Safari/537.36"
31.128.159.67 - - [11/Jul/2013:02:57:07 +0400] "GET / HTTP/1.0" 200 14 "-" "Mozilla/5.0 (Windows NT 6.1; WOW64) AppleWebKit/537.36 (KHTML, like Gecko) Chrome/27.0.1453.116 Safari/537.36"
31.128.159.67 - - [11/Jul/2013:02:57:07 +0400] "GET /favicon.ico HTTP/1.0" 404 209 "-" "Mozilla/5.0 (Windows NT 6.1; WOW64) AppleWebKit/537.36 (KHTML, like Gecko) Chrome/27.0.1453.116 Safari/537.36"
31.128.159.67 - - [11/Jul/2013:02:58:13 +0400] "GET / HTTP/1.0" 200 954 "-" "Mozilla/5.0 (Windows NT 6.1; WOW64) AppleWebKit/537.36 (KHTML, like Gecko) Chrome/27.0.1453.116 Safari/537.36"
31.128.159.67 - - [11/Jul/2013:02:58:13 +0400] "GET /favicon.ico HTTP/1.0" 404 209 "-" "Mozilla/5.0 (Windows NT 6.1; WOW64) AppleWebKit/537.36 (KHTML, like Gecko) Chrome/27.0.1453.116 Safari/537.36"
31.128.159.67 - - [11/Jul/2013:02:58:53 +0400] "GET / HTTP/1.0" 200 954 "-" "Mozilla/5.0 (Windows NT 6.1; WOW64) AppleWebKit/537.36 (KHTML, like Gecko) Chrome/27.0.1453.116 Safari/537.36"
31.128.159.67 - - [11/Jul/2013:02:58:53 +0400] "GET /favicon.ico HTTP/1.0" 404 209 "-" "Mozilla/5.0 (Windows NT 6.1; WOW64) AppleWebKit/537.36 (KHTML, like Gecko) Chrome/27.0.1453.116 Safari/537.36"
31.128.159.67 - - [11/Jul/2013:02:58:54 +0400] "GET / HTTP/1.0" 200 954 "-" "Mozilla/5.0 (Windows NT 6.1; WOW64) AppleWebKit/537.36 (KHTML, like Gecko) Chrome/27.0.1453.116 Safari/537.36"
31.128.159.67 - - [11/Jul/2013:02:58:54 +0400] "GET /favicon.ico HTTP/1.0" 404 209 "-" "Mozilla/5.0 (Windows NT 6.1; WOW64) AppleWebKit/537.36 (KHTML, like Gecko) Chrome/27.0.1453.116 Safari/537.36"
31.128.159.67 - - [11/Jul/2013:02:58:54 +0400] "GET / HTTP/1.0" 200 954 "-" "Mozilla/5.0 (Windows NT 6.1; WOW64) AppleWebKit/537.36 (KHTML, like Gecko) Chrome/27.0.1453.116 Safari/537.36"
31.128.159.67 - - [11/Jul/2013:02:58:55 +0400] "GET /favicon.ico HTTP/1.0" 404 209 "-" "Mozilla/5.0 (Windows NT 6.1; WOW64) AppleWebKit/537.36 (KHTML, like Gecko) Chrome/27.0.1453.116 Safari/537.36"
31.128.159.67 - - [11/Jul/2013:02:58:55 +0400] "GET / HTTP/1.0" 200 954 "-" "Mozilla/5.0 (Windows NT 6.1; WOW64) AppleWebKit/537.36 (KHTML, like Gecko) Chrome/27.0.1453.116 Safari/537.36"
31.128.159.67 - - [11/Jul/2013:02:58:55 +0400] "GET /favicon.ico HTTP/1.0" 404 209 "-" "Mozilla/5.0 (Windows NT 6.1; WOW64) AppleWebKit/537.36 (KHTML, like Gecko) Chrome/27.0.1453.116 Safari/537.36"
31.128.159.67 - - [11/Jul/2013:02:58:55 +0400] "GET / HTTP/1.0" 200 954 "-" "Mozilla/5.0 (Windows NT 6.1; WOW64) AppleWebKit/537.36 (KHTML, like Gecko) Chrome/27.0.1453.116 Safari/537.36"
31.128.159.67 - - [11/Jul/2013:02:58:55 +0400] "GET /favicon.ico HTTP/1.0" 404 209 "-" "Mozilla/5.0 (Windows NT 6.1; WOW64) AppleWebKit/537.36 (KHTML, like Gecko) Chrome/27.0.1453.116 Safari/537.36"
31.128.159.67 - - [11/Jul/2013:02:58:56 +0400] "GET / HTTP/1.0" 200 954 "-" "Mozilla/5.0 (Windows NT 6.1; WOW64) AppleWebKit/537.36 (KHTML, like Gecko) Chrome/27.0.1453.116 Safari/537.36"
31.128.159.67 - - [11/Jul/2013:02:58:56 +0400] "GET /favicon.ico HTTP/1.0" 404 209 "-" "Mozilla/5.0 (Windows NT 6.1; WOW64) AppleWebKit/537.36 (KHTML, like Gecko) Chrome/27.0.1453.116 Safari/537.36"
31.128.159.67 - - [11/Jul/2013:03:00:04 +0400] "GET / HTTP/1.0" 200 954 "-" "Mozilla/5.0 (Windows NT 6.1; WOW64) AppleWebKit/537.36 (KHTML, like Gecko) Chrome/27.0.1453.116 Safari/537.36"
31.128.159.67 - - [11/Jul/2013:03:00:04 +0400] "GET /favicon.ico HTTP/1.0" 404 209 "-" "Mozilla/5.0 (Windows NT 6.1; WOW64) AppleWebKit/537.36 (KHTML, like Gecko) Chrome/27.0.1453.116 Safari/537.36"
31.128.159.67 - - [11/Jul/2013:03:00:04 +0400] "GET / HTTP/1.0" 200 954 "-" "Mozilla/5.0 (Windows NT 6.1; WOW64) AppleWebKit/537.36 (KHTML, like Gecko) Chrome/27.0.1453.116 Safari/537.36"
31.128.159.67 - - [11/Jul/2013:03:00:04 +0400] "GET /favicon.ico HTTP/1.0" 404 209 "-" "Mozilla/5.0 (Windows NT 6.1; WOW64) AppleWebKit/537.36 (KHTML, like Gecko) Chrome/27.0.1453.116 Safari/537.36"
31.128.159.67 - - [11/Jul/2013:03:00:04 +0400] "GET / HTTP/1.0" 200 954 "-" "Mozilla/5.0 (Windows NT 6.1; WOW64) AppleWebKit/537.36 (KHTML, like Gecko) Chrome/27.0.1453.116 Safari/537.36"
31.128.159.67 - - [11/Jul/2013:03:00:05 +0400] "GET /favicon.ico HTTP/1.0" 404 209 "-" "Mozilla/5.0 (Windows NT 6.1; WOW64) AppleWebKit/537.36 (KHTML, like Gecko) Chrome/27.0.1453.116 Safari/537.36"
31.128.159.67 - - [11/Jul/2013:03:00:05 +0400] "GET / HTTP/1.0" 200 954 "-" "Mozilla/5.0 (Windows NT 6.1; WOW64) AppleWebKit/537.36 (KHTML, like Gecko) Chrome/27.0.1453.116 Safari/537.36"
31.128.159.67 - - [11/Jul/2013:03:00:05 +0400] "GET /favicon.ico HTTP/1.0" 404 209 "-" "Mozilla/5.0 (Windows NT 6.1; WOW64) AppleWebKit/537.36 (KHTML, like Gecko) Chrome/27.0.1453.116 Safari/537.36"
31.128.159.67 - - [11/Jul/2013:03:01:52 +0400] "GET / HTTP/1.0" 200 954 "-" "Mozilla/5.0 (Windows NT 6.1; WOW64) AppleWebKit/537.36 (KHTML, like Gecko) Chrome/27.0.1453.116 Safari/537.36"
31.128.159.67 - - [11/Jul/2013:03:01:52 +0400] "GET /favicon.ico HTTP/1.0" 404 209 "-" "Mozilla/5.0 (Windows NT 6.1; WOW64) AppleWebKit/537.36 (KHTML, like Gecko) Chrome/27.0.1453.116 Safari/537.36"
31.128.159.67 - - [11/Jul/2013:03:01:53 +0400] "GET / HTTP/1.0" 200 954 "-" "Mozilla/5.0 (Windows NT 6.1; WOW64) AppleWebKit/537.36 (KHTML, like Gecko) Chrome/27.0.1453.116 Safari/537.36"
31.128.159.67 - - [11/Jul/2013:03:01:53 +0400] "GET /favicon.ico HTTP/1.0" 404 209 "-" "Mozilla/5.0 (Windows NT 6.1; WOW64) AppleWebKit/537.36 (KHTML, like Gecko) Chrome/27.0.1453.116 Safari/537.36"
31.128.159.67 - - [11/Jul/2013:03:01:54 +0400] "GET / HTTP/1.0" 200 954 "-" "Mozilla/5.0 (Windows NT 6.1; WOW64) AppleWebKit/537.36 (KHTML, like Gecko) Chrome/27.0.1453.116 Safari/537.36"
31.128.159.67 - - [11/Jul/2013:03:01:54 +0400] "GET /favicon.ico HTTP/1.0" 404 209 "-" "Mozilla/5.0 (Windows NT 6.1; WOW64) AppleWebKit/537.36 (KHTML, like Gecko) Chrome/27.0.1453.116 Safari/537.36"
31.128.159.67 - - [11/Jul/2013:03:01:55 +0400] "GET / HTTP/1.0" 200 954 "-" "Mozilla/5.0 (Windows NT 6.1; WOW64) AppleWebKit/537.36 (KHTML, like Gecko) Chrome/27.0.1453.116 Safari/537.36"
31.128.159.67 - - [11/Jul/2013:03:01:55 +0400] "GET /favicon.ico HTTP/1.0" 404 209 "-" "Mozilla/5.0 (Windows NT 6.1; WOW64) AppleWebKit/537.36 (KHTML, like Gecko) Chrome/27.0.1453.116 Safari/537.36"
31.128.159.67 - - [11/Jul/2013:03:02:40 +0400] "GET / HTTP/1.0" 200 19 "-" "Mozilla/5.0 (Windows NT 6.1; WOW64) AppleWebKit/537.36 (KHTML, like Gecko) Chrome/27.0.1453.116 Safari/537.36"
31.128.159.67 - - [11/Jul/2013:03:02:40 +0400] "GET /favicon.ico HTTP/1.0" 404 209 "-" "Mozilla/5.0 (Windows NT 6.1; WOW64) AppleWebKit/537.36 (KHTML, like Gecko) Chrome/27.0.1453.116 Safari/537.36"
31.128.159.67 - - [11/Jul/2013:03:03:21 +0400] "GET / HTTP/1.0" 200 954 "-" "Mozilla/5.0 (Windows NT 6.1; WOW64) AppleWebKit/537.36 (KHTML, like Gecko) Chrome/27.0.1453.116 Safari/537.36"
31.128.159.67 - - [11/Jul/2013:03:03:21 +0400] "GET /favicon.ico HTTP/1.0" 404 209 "-" "Mozilla/5.0 (Windows NT 6.1; WOW64) AppleWebKit/537.36 (KHTML, like Gecko) Chrome/27.0.1453.116 Safari/537.36"
31.128.159.67 - - [11/Jul/2013:03:03:52 +0400] "GET / HTTP/1.0" 200 10847 "-" "Mozilla/5.0 (Windows NT 6.1; WOW64) AppleWebKit/537.36 (KHTML, like Gecko) Chrome/27.0.1453.116 Safari/537.36"
31.128.159.67 - - [11/Jul/2013:03:03:52 +0400] "GET /_css/styles.css HTTP/1.0" 200 68 "http://vsport.pnhost.ru/" "Mozilla/5.0 (Windows NT 6.1; WOW64) AppleWebKit/537.36 (KHTML, like Gecko) Chrome/27.0.1453.116 Safari/537.36"
31.128.159.67 - - [11/Jul/2013:03:03:52 +0400] "GET /_js/mainhot.js HTTP/1.0" 200 1509 "http://vsport.pnhost.ru/" "Mozilla/5.0 (Windows NT 6.1; WOW64) AppleWebKit/537.36 (KHTML, like Gecko) Chrome/27.0.1453.116 Safari/537.36"
31.128.159.67 - - [11/Jul/2013:03:03:52 +0400] "GET /_css/main-hot.css HTTP/1.0" 200 2583 "http://vsport.pnhost.ru/" "Mozilla/5.0 (Windows NT 6.1; WOW64) AppleWebKit/537.36 (KHTML, like Gecko) Chrome/27.0.1453.116 Safari/537.36"
31.128.159.67 - - [11/Jul/2013:03:03:52 +0400] "GET /_css/layout.css HTTP/1.0" 200 15983 "http://vsport.pnhost.ru/" "Mozilla/5.0 (Windows NT 6.1; WOW64) AppleWebKit/537.36 (KHTML, like Gecko) Chrome/27.0.1453.116 Safari/537.36"
31.128.159.67 - - [11/Jul/2013:03:03:52 +0400] "GET /_js/jquery-1.7.2.min.js HTTP/1.0" 200 94840 "http://vsport.pnhost.ru/" "Mozilla/5.0 (Windows NT 6.1; WOW64) AppleWebKit/537.36 (KHTML, like Gecko) Chrome/27.0.1453.116 Safari/537.36"
31.128.159.67 - - [11/Jul/2013:03:03:52 +0400] "GET /_js/jwplayer/jwplayer.js HTTP/1.0" 200 155682 "http://vsport.pnhost.ru/" "Mozilla/5.0 (Windows NT 6.1; WOW64) AppleWebKit/537.36 (KHTML, like Gecko) Chrome/27.0.1453.116 Safari/537.36"
31.128.159.67 - - [11/Jul/2013:03:03:53 +0400] "GET /_images/_mainhot/3.jpg HTTP/1.0" 304 - "http://vsport.pnhost.ru/" "Mozilla/5.0 (Windows NT 6.1; WOW64) AppleWebKit/537.36 (KHTML, like Gecko) Chrome/27.0.1453.116 Safari/537.36"
31.128.159.67 - - [11/Jul/2013:03:03:53 +0400] "GET /_images/_mainhot/1.jpg HTTP/1.0" 304 - "http://vsport.pnhost.ru/" "Mozilla/5.0 (Windows NT 6.1; WOW64) AppleWebKit/537.36 (KHTML, like Gecko) Chrome/27.0.1453.116 Safari/537.36"
31.128.159.67 - - [11/Jul/2013:03:03:53 +0400] "GET /_images/_mainhot/2.jpg HTTP/1.0" 304 - "http://vsport.pnhost.ru/" "Mozilla/5.0 (Windows NT 6.1; WOW64) AppleWebKit/537.36 (KHTML, like Gecko) Chrome/27.0.1453.116 Safari/537.36"
31.128.159.67 - - [11/Jul/2013:03:03:53 +0400] "GET /_images/_layout/search_icon.gif HTTP/1.0" 200 299 "http://vsport.pnhost.ru/" "Mozilla/5.0 (Windows NT 6.1; WOW64) AppleWebKit/537.36 (KHTML, like Gecko) Chrome/27.0.1453.116 Safari/537.36"
31.128.159.67 - - [11/Jul/2013:03:03:53 +0400] "GET /_images/_layout/search_bgnd.gif HTTP/1.0" 200 1269 "http://vsport.pnhost.ru/" "Mozilla/5.0 (Windows NT 6.1; WOW64) AppleWebKit/537.36 (KHTML, like Gecko) Chrome/27.0.1453.116 Safari/537.36"
31.128.159.67 - - [11/Jul/2013:03:03:53 +0400] "GET /_images/_layout/boy.png HTTP/1.0" 200 113630 "http://vsport.pnhost.ru/" "Mozilla/5.0 (Windows NT 6.1; WOW64) AppleWebKit/537.36 (KHTML, like Gecko) Chrome/27.0.1453.116 Safari/537.36"
31.128.159.67 - - [11/Jul/2013:03:03:53 +0400] "GET /favicon.ico HTTP/1.0" 404 209 "-" "Mozilla/5.0 (Windows NT 6.1; WOW64) AppleWebKit/537.36 (KHTML, like Gecko) Chrome/27.0.1453.116 Safari/537.36"
31.128.159.67 - - [11/Jul/2013:03:03:53 +0400] "GET /_images/_layout/logo.gif HTTP/1.0" 200 4913 "http://vsport.pnhost.ru/" "Mozilla/5.0 (Windows NT 6.1; WOW64) AppleWebKit/537.36 (KHTML, like Gecko) Chrome/27.0.1453.116 Safari/537.36"
31.128.159.67 - - [11/Jul/2013:03:03:53 +0400] "GET /_images/_layout/hdr_gradient.png HTTP/1.0" 200 1087 "http://vsport.pnhost.ru/" "Mozilla/5.0 (Windows NT 6.1; WOW64) AppleWebKit/537.36 (KHTML, like Gecko) Chrome/27.0.1453.116 Safari/537.36"
31.128.159.67 - - [11/Jul/2013:03:03:53 +0400] "GET /_images/_layout/hdr_bottom_bgnd.png HTTP/1.0" 200 1029 "http://vsport.pnhost.ru/" "Mozilla/5.0 (Windows NT 6.1; WOW64) AppleWebKit/537.36 (KHTML, like Gecko) Chrome/27.0.1453.116 Safari/537.36"
31.128.159.67 - - [11/Jul/2013:03:03:53 +0400] "GET /_images/_mainhot/fadeout.png HTTP/1.0" 200 2829 "http://vsport.pnhost.ru/" "Mozilla/5.0 (Windows NT 6.1; WOW64) AppleWebKit/537.36 (KHTML, like Gecko) Chrome/27.0.1453.116 Safari/537.36"
31.128.159.67 - - [11/Jul/2013:03:03:53 +0400] "GET /_images/_mainhot/hotarr.gif HTTP/1.0" 200 1218 "http://vsport.pnhost.ru/" "Mozilla/5.0 (Windows NT 6.1; WOW64) AppleWebKit/537.36 (KHTML, like Gecko) Chrome/27.0.1453.116 Safari/537.36"
31.128.159.67 - - [11/Jul/2013:03:03:53 +0400] "GET /_images/_mainhot/tophot-str.png HTTP/1.0" 200 324 "http://vsport.pnhost.ru/" "Mozilla/5.0 (Windows NT 6.1; WOW64) AppleWebKit/537.36 (KHTML, like Gecko) Chrome/27.0.1453.116 Safari/537.36"
31.128.159.67 - - [11/Jul/2013:03:03:53 +0400] "GET /_images/_mainhot/fadeout_here.png HTTP/1.0" 200 3767 "http://vsport.pnhost.ru/" "Mozilla/5.0 (Windows NT 6.1; WOW64) AppleWebKit/537.36 (KHTML, like Gecko) Chrome/27.0.1453.116 Safari/537.36"
31.128.159.67 - - [11/Jul/2013:03:04:09 +0400] "GET /reports/ HTTP/1.0" 200 977 "http://vsport.pnhost.ru/" "Mozilla/5.0 (Windows NT 6.1; WOW64) AppleWebKit/537.36 (KHTML, like Gecko) Chrome/27.0.1453.116 Safari/537.36"
31.128.159.67 - - [11/Jul/2013:03:04:09 +0400] "GET /favicon.ico HTTP/1.0" 404 209 "-" "Mozilla/5.0 (Windows NT 6.1; WOW64) AppleWebKit/537.36 (KHTML, like Gecko) Chrome/27.0.1453.116 Safari/537.36"
31.128.159.67 - - [11/Jul/2013:03:04:13 +0400] "GET /favicon.ico HTTP/1.0" 404 209 "-" "Mozilla/5.0 (Windows NT 6.1; WOW64) AppleWebKit/537.36 (KHTML, like Gecko) Chrome/27.0.1453.116 Safari/537.36"
31.128.159.67 - - [11/Jul/2013:03:05:03 +0400] "GET / HTTP/1.0" 200 10493 "-" "Mozilla/5.0 (Windows NT 6.1; WOW64) AppleWebKit/537.36 (KHTML, like Gecko) Chrome/27.0.1453.116 Safari/537.36"
31.128.159.67 - - [11/Jul/2013:03:05:03 +0400] "GET /_css/styles.css HTTP/1.0" 304 - "http://vsport.pnhost.ru/" "Mozilla/5.0 (Windows NT 6.1; WOW64) AppleWebKit/537.36 (KHTML, like Gecko) Chrome/27.0.1453.116 Safari/537.36"
31.128.159.67 - - [11/Jul/2013:03:05:03 +0400] "GET /_images/_layout/boy.png HTTP/1.0" 304 - "http://vsport.pnhost.ru/" "Mozilla/5.0 (Windows NT 6.1; WOW64) AppleWebKit/537.36 (KHTML, like Gecko) Chrome/27.0.1453.116 Safari/537.36"
31.128.159.67 - - [11/Jul/2013:03:05:03 +0400] "GET /_images/_mainhot/1.jpg HTTP/1.0" 304 - "http://vsport.pnhost.ru/" "Mozilla/5.0 (Windows NT 6.1; WOW64) AppleWebKit/537.36 (KHTML, like Gecko) Chrome/27.0.1453.116 Safari/537.36"
31.128.159.67 - - [11/Jul/2013:03:05:03 +0400] "GET /_images/_mainhot/2.jpg HTTP/1.0" 304 - "http://vsport.pnhost.ru/" "Mozilla/5.0 (Windows NT 6.1; WOW64) AppleWebKit/537.36 (KHTML, like Gecko) Chrome/27.0.1453.116 Safari/537.36"
31.128.159.67 - - [11/Jul/2013:03:05:03 +0400] "GET /_images/_mainhot/3.jpg HTTP/1.0" 304 - "http://vsport.pnhost.ru/" "Mozilla/5.0 (Windows NT 6.1; WOW64) AppleWebKit/537.36 (KHTML, like Gecko) Chrome/27.0.1453.116 Safari/537.36"
31.128.159.67 - - [11/Jul/2013:03:05:03 +0400] "GET /_images/_layout/logo.gif HTTP/1.0" 304 - "http://vsport.pnhost.ru/" "Mozilla/5.0 (Windows NT 6.1; WOW64) AppleWebKit/537.36 (KHTML, like Gecko) Chrome/27.0.1453.116 Safari/537.36"
31.128.159.67 - - [11/Jul/2013:03:05:03 +0400] "GET /_css/main-hot.css HTTP/1.0" 304 - "http://vsport.pnhost.ru/" "Mozilla/5.0 (Windows NT 6.1; WOW64) AppleWebKit/537.36 (KHTML, like Gecko) Chrome/27.0.1453.116 Safari/537.36"
31.128.159.67 - - [11/Jul/2013:03:05:03 +0400] "GET /_css/layout.css HTTP/1.0" 304 - "http://vsport.pnhost.ru/" "Mozilla/5.0 (Windows NT 6.1; WOW64) AppleWebKit/537.36 (KHTML, like Gecko) Chrome/27.0.1453.116 Safari/537.36"
31.128.159.67 - - [11/Jul/2013:03:05:03 +0400] "GET /_images/_layout/search_icon.gif HTTP/1.0" 304 - "http://vsport.pnhost.ru/" "Mozilla/5.0 (Windows NT 6.1; WOW64) AppleWebKit/537.36 (KHTML, like Gecko) Chrome/27.0.1453.116 Safari/537.36"
31.128.159.67 - - [11/Jul/2013:03:05:03 +0400] "GET /_images/_layout/search_bgnd.gif HTTP/1.0" 304 - "http://vsport.pnhost.ru/" "Mozilla/5.0 (Windows NT 6.1; WOW64) AppleWebKit/537.36 (KHTML, like Gecko) Chrome/27.0.1453.116 Safari/537.36"
31.128.159.67 - - [11/Jul/2013:03:05:03 +0400] "GET /_images/_layout/hdr_gradient.png HTTP/1.0" 304 - "http://vsport.pnhost.ru/" "Mozilla/5.0 (Windows NT 6.1; WOW64) AppleWebKit/537.36 (KHTML, like Gecko) Chrome/27.0.1453.116 Safari/537.36"
31.128.159.67 - - [11/Jul/2013:03:05:03 +0400] "GET /_images/_layout/hdr_bottom_bgnd.png HTTP/1.0" 304 - "http://vsport.pnhost.ru/" "Mozilla/5.0 (Windows NT 6.1; WOW64) AppleWebKit/537.36 (KHTML, like Gecko) Chrome/27.0.1453.116 Safari/537.36"
31.128.159.67 - - [11/Jul/2013:03:05:03 +0400] "GET /_images/_mainhot/fadeout.png HTTP/1.0" 304 - "http://vsport.pnhost.ru/" "Mozilla/5.0 (Windows NT 6.1; WOW64) AppleWebKit/537.36 (KHTML, like Gecko) Chrome/27.0.1453.116 Safari/537.36"
31.128.159.67 - - [11/Jul/2013:03:05:03 +0400] "GET /favicon.ico HTTP/1.0" 404 209 "-" "Mozilla/5.0 (Windows NT 6.1; WOW64) AppleWebKit/537.36 (KHTML, like Gecko) Chrome/27.0.1453.116 Safari/537.36"
31.128.159.67 - - [11/Jul/2013:03:05:47 +0400] "GET / HTTP/1.0" 200 22559 "-" "Mozilla/5.0 (Windows NT 6.1; WOW64) AppleWebKit/537.36 (KHTML, like Gecko) Chrome/27.0.1453.116 Safari/537.36"
31.128.159.67 - - [11/Jul/2013:03:05:47 +0400] "GET /_css/styles.css HTTP/1.0" 304 - "http://vsport.pnhost.ru/" "Mozilla/5.0 (Windows NT 6.1; WOW64) AppleWebKit/537.36 (KHTML, like Gecko) Chrome/27.0.1453.116 Safari/537.36"
31.128.159.67 - - [11/Jul/2013:03:05:47 +0400] "GET /_js/jquery-1.7.2.min.js HTTP/1.0" 304 - "http://vsport.pnhost.ru/" "Mozilla/5.0 (Windows NT 6.1; WOW64) AppleWebKit/537.36 (KHTML, like Gecko) Chrome/27.0.1453.116 Safari/537.36"
31.128.159.67 - - [11/Jul/2013:03:05:47 +0400] "GET /_js/mainhot.js HTTP/1.0" 304 - "http://vsport.pnhost.ru/" "Mozilla/5.0 (Windows NT 6.1; WOW64) AppleWebKit/537.36 (KHTML, like Gecko) Chrome/27.0.1453.116 Safari/537.36"
